Using pre-set license
Built from 'trunk' branch; Version is '6000.0.19f1 (302b264628f9) revision 3156774'; Using compiler version '193933523'; Build Type 'Release'
OS: 'Windows 11  (10.0.22000) 64bit Core' Language: 'en' Physical Memory: 14188 MB
BatchMode: 1, IsHumanControllingUs: 0, StartBugReporterOnCrash: 0, Is64bit: 1, IsPro: 1

COMMAND LINE ARGUMENTS:
C:\Program Files\Unity\Hub\Editor\6000.0.19f1\Editor\Unity.exe
-adb2
-batchMode
-noUpm
-name
AssetImportWorker0
-projectPath
C:/Users/Nicole/Documents/GitHub/SyntacticVFXSystem/MagicVFXSandbox
-logFile
Logs/AssetImportWorker0.log
-srvPort
51606
-job-worker-count
7
-background-job-worker-count
8
-asset-garbage-collectors
1
Successfully changed project path to: C:/Users/Nicole/Documents/GitHub/SyntacticVFXSystem/MagicVFXSandbox
C:/Users/Nicole/Documents/GitHub/SyntacticVFXSystem/MagicVFXSandbox
[UnityMemory] Configuration Parameters - Can be set up in boot.config
    "memorysetup-bucket-allocator-granularity=16"
    "memorysetup-bucket-allocator-bucket-count=8"
    "memorysetup-bucket-allocator-block-size=33554432"
    "memorysetup-bucket-allocator-block-count=8"
    "memorysetup-main-allocator-block-size=16777216"
    "memorysetup-thread-allocator-block-size=16777216"
    "memorysetup-gfx-main-allocator-block-size=16777216"
    "memorysetup-gfx-thread-allocator-block-size=16777216"
    "memorysetup-cache-allocator-block-size=4194304"
    "memorysetup-typetree-allocator-block-size=2097152"
    "memorysetup-profiler-bucket-allocator-granularity=16"
    "memorysetup-profiler-bucket-allocator-bucket-count=8"
    "memorysetup-profiler-bucket-allocator-block-size=33554432"
    "memorysetup-profiler-bucket-allocator-block-count=8"
    "memorysetup-profiler-allocator-block-size=16777216"
    "memorysetup-profiler-editor-allocator-block-size=1048576"
    "memorysetup-temp-allocator-size-main=16777216"
    "memorysetup-job-temp-allocator-block-size=2097152"
    "memorysetup-job-temp-allocator-block-size-background=1048576"
    "memorysetup-job-temp-allocator-reduction-small-platforms=262144"
    "memorysetup-allocator-temp-initial-block-size-main=262144"
    "memorysetup-allocator-temp-initial-block-size-worker=262144"
    "memorysetup-temp-allocator-size-background-worker=32768"
    "memorysetup-temp-allocator-size-job-worker=262144"
    "memorysetup-temp-allocator-size-preload-manager=33554432"
    "memorysetup-temp-allocator-size-nav-mesh-worker=65536"
    "memorysetup-temp-allocator-size-audio-worker=65536"
    "memorysetup-temp-allocator-size-cloud-worker=32768"
    "memorysetup-temp-allocator-size-gi-baking-worker=262144"
    "memorysetup-temp-allocator-size-gi-baking-worker=262144"
    "memorysetup-temp-allocator-size-gi-baking-worker=262144"
    "memorysetup-temp-allocator-size-gi-baking-worker=262144"
    "memorysetup-temp-allocator-size-gi-baking-worker=262144"
    "memorysetup-temp-allocator-size-gfx=262144"
Player connection [39592]  Target information:

Player connection [39592]  * "[IP] 100.79.137.8 [Port] 0 [Flags] 2 [Guid] 1055099112 [EditorId] 1055099112 [Version] 1048832 [Id] WindowsEditor(7,LAPTOP-QE6QBF5L) [Debug] 1 [PackageName] WindowsEditor [ProjectName] Editor" 

Player connection [39592]  * "[IP] 192.168.4.51 [Port] 0 [Flags] 2 [Guid] 1055099112 [EditorId] 1055099112 [Version] 1048832 [Id] WindowsEditor(7,LAPTOP-QE6QBF5L) [Debug] 1 [PackageName] WindowsEditor [ProjectName] Editor" 

Player connection [39592] Host joined multi-casting on [225.0.0.222:54997]...
Player connection [39592] Host joined alternative multi-casting on [225.0.0.222:34997]...
JobSystem: Creating JobQueue using job-worker-count value 7
Library Redirect Path: Library/
[PhysX] Initialized MultithreadedTaskDispatcher with 8 workers.
Refreshing native plugins compatible for Editor in 4.66 ms, found 4 plugins.
Preloading 0 native plugins for Editor in 0.00 ms.
Initialize engine version: 6000.0.19f1 (302b264628f9)
[Subsystems] Discovering subsystems at path C:/Program Files/Unity/Hub/Editor/6000.0.19f1/Editor/Data/Resources/UnitySubsystems
[Subsystems] Discovering subsystems at path C:/Users/Nicole/Documents/GitHub/SyntacticVFXSystem/MagicVFXSandbox/Assets
GfxDevice: creating device client; kGfxThreadingModeNonThreaded
Direct3D:
    Version:  Direct3D 11.0 [level 11.1]
    Renderer: NVIDIA GeForce RTX 3070 Laptop GPU (ID=0x24dd)
    Vendor:   NVIDIA
    VRAM:     8018 MB
    Driver:   32.0.15.9144
Initialize mono
Mono path[0] = 'C:/Program Files/Unity/Hub/Editor/6000.0.19f1/Editor/Data/Managed'
Mono path[1] = 'C:/Program Files/Unity/Hub/Editor/6000.0.19f1/Editor/Data/MonoBleedingEdge/lib/mono/unityjit-win32'
Mono config path = 'C:/Program Files/Unity/Hub/Editor/6000.0.19f1/Editor/Data/MonoBleedingEdge/etc'
Using monoOptions --debugger-agent=transport=dt_socket,embedding=1,server=y,suspend=n,address=127.0.0.1:56768
Begin MonoManager ReloadAssembly
Registering precompiled unity dll's ...
Register platform support module: C:/Program Files/Unity/Hub/Editor/6000.0.19f1/Editor/Data/PlaybackEngines/WindowsStandaloneSupport/UnityEditor.WindowsStandalone.Extensions.dll
Registered in 0.004358 seconds.
- Loaded All Assemblies, in  0.514 seconds
Native extension for WindowsStandalone target not found
Mono: successfully reloaded assembly
- Finished resetting the current domain, in  0.586 seconds
Domain Reload Profiling: 1100ms
	BeginReloadAssembly (203ms)
		ExecutionOrderSort (0ms)
		DisableScriptedObjects (0ms)
		BackupInstance (0ms)
		ReleaseScriptingObjects (0ms)
		CreateAndSetChildDomain (1ms)
	RebuildCommonClasses (43ms)
	RebuildNativeTypeToScriptingClass (15ms)
	initialDomainReloadingComplete (60ms)
	LoadAllAssembliesAndSetupDomain (191ms)
		LoadAssemblies (195ms)
		RebuildTransferFunctionScriptingTraits (0ms)
		AnalyzeDomain (187ms)
			TypeCache.Refresh (185ms)
				TypeCache.ScanAssembly (162ms)
			BuildScriptInfoCaches (0ms)
			ResolveRequiredComponents (1ms)
	FinalizeReload (588ms)
		ReleaseScriptCaches (0ms)
		RebuildScriptCaches (0ms)
		SetupLoadedEditorAssemblies (495ms)
			LogAssemblyErrors (0ms)
			InitializePlatformSupportModulesInManaged (42ms)
			SetLoadedEditorAssemblies (5ms)
			BeforeProcessingInitializeOnLoad (6ms)
			ProcessInitializeOnLoadAttributes (324ms)
			ProcessInitializeOnLoadMethodAttributes (112ms)
			AfterProcessingInitializeOnLoad (6ms)
			EditorAssembliesLoaded (0ms)
		ExecutionOrderSort2 (0ms)
		AwakeInstancesAfterBackupRestoration (0ms)
Assembly reference Packages/com.unity.entities/Unity.Scenes.Editor/Internals/Properties/Unity.Properties.Internals.asmref has no target assembly definition
========================================================================
Worker process is ready to serve import requests
Import Worker Mode flag is 0x00
Assembly reference Packages/com.unity.entities/Unity.Scenes.Editor/Internals/Properties/Unity.Properties.Internals.asmref has no target assembly definition
Assembly reference Packages/com.unity.entities/Unity.Scenes.Editor/Internals/Properties/Unity.Properties.Internals.asmref has no target assembly definition
Begin MonoManager ReloadAssembly
- Loaded All Assemblies, in  2.445 seconds
Assembly reference Packages/com.unity.entities/Unity.Scenes.Editor/Internals/Properties/Unity.Properties.Internals.asmref has no target assembly definition
Refreshing native plugins compatible for Editor in 1.16 ms, found 4 plugins.
Native extension for WindowsStandalone target not found
Assembly reference Packages/com.unity.entities/Unity.Scenes.Editor/Internals/Properties/Unity.Properties.Internals.asmref has no target assembly definition
TypeManager.Initialize took: 567ms
Package Manager log level set to [2]
[Package Manager] Failed to launch server process. Reason: Unity was launched with the -noUpm command-line argument
[Package Manager] Unable to send message (not connected to server process).
[Package Manager] Cannot connect to Unity Package Manager local server
Mono: successfully reloaded assembly
- Finished resetting the current domain, in  2.020 seconds
Domain Reload Profiling: 4459ms
	BeginReloadAssembly (967ms)
		ExecutionOrderSort (0ms)
		DisableScriptedObjects (8ms)
		BackupInstance (0ms)
		ReleaseScriptingObjects (0ms)
		CreateAndSetChildDomain (52ms)
	RebuildCommonClasses (46ms)
	RebuildNativeTypeToScriptingClass (17ms)
	initialDomainReloadingComplete (76ms)
	LoadAllAssembliesAndSetupDomain (1330ms)
		LoadAssemblies (977ms)
		RebuildTransferFunctionScriptingTraits (0ms)
		AnalyzeDomain (478ms)
			TypeCache.Refresh (321ms)
				TypeCache.ScanAssembly (293ms)
			BuildScriptInfoCaches (139ms)
			ResolveRequiredComponents (14ms)
	FinalizeReload (2021ms)
		ReleaseScriptCaches (0ms)
		RebuildScriptCaches (0ms)
		SetupLoadedEditorAssemblies (1601ms)
			LogAssemblyErrors (0ms)
			InitializePlatformSupportModulesInManaged (3ms)
			SetLoadedEditorAssemblies (5ms)
			BeforeProcessingInitializeOnLoad (242ms)
			ProcessInitializeOnLoadAttributes (1126ms)
			ProcessInitializeOnLoadMethodAttributes (215ms)
			AfterProcessingInitializeOnLoad (9ms)
			EditorAssembliesLoaded (0ms)
		ExecutionOrderSort2 (0ms)
		AwakeInstancesAfterBackupRestoration (9ms)
Launched and connected shader compiler UnityShaderCompiler.exe after 0.02 seconds
Refreshing native plugins compatible for Editor in 2.06 ms, found 4 plugins.
Preloading 0 native plugins for Editor in 0.00 ms.
Unloading 234 Unused Serialized files (Serialized files now loaded: 0)
Unloading 8614 unused Assets / (6.7 MB). Loaded Objects now: 9409.
Memory consumption went from 214.1 MB to 207.4 MB.
Total: 27.259000 ms (FindLiveObjects: 2.338900 ms CreateObjectMapping: 2.031500 ms MarkObjects: 15.082400 ms  DeleteObjects: 7.802300 ms)

========================================================================
Received Import Request.
  Time since last request: 704077.649051 seconds.
  path: Assets/Shaders/S_Water.shadergraph
  artifactKey: Guid(f71d8e68b0cb0d846885cb1eacbabdde) Importer(815301076,1909f56bfc062723c751e8b465ee728b)
Start importing Assets/Shaders/S_Water.shadergraph using Guid(f71d8e68b0cb0d846885cb1eacbabdde) Importer(815301076,1909f56bfc062723c751e8b465ee728b) (PreviewImporter)[PhysX] Initialized MultithreadedTaskDispatcher with 8 workers.
[PhysX] Initialized MultithreadedTaskDispatcher with 8 workers.
 -> (artifact id: '8bdc0bcadaea858e9c5f5e2aa538169d') in 0.5160156 seconds
Number of updated asset objects reloaded before import = 0Number of asset objects unloaded after import = 5

========================================================================
Received Import Request.
  Time since last request: 86.558392 seconds.
  path: Assets/Shaders/S_Water.shadergraph
  artifactKey: Guid(f71d8e68b0cb0d846885cb1eacbabdde) Importer(815301076,1909f56bfc062723c751e8b465ee728b)
Start importing Assets/Shaders/S_Water.shadergraph using Guid(f71d8e68b0cb0d846885cb1eacbabdde) Importer(815301076,1909f56bfc062723c751e8b465ee728b) (PreviewImporter)[PhysX] Initialized MultithreadedTaskDispatcher with 8 workers.
[PhysX] Initialized MultithreadedTaskDispatcher with 8 workers.
 -> (artifact id: '240ee9137590af39448e37a71746635d') in 0.696566 seconds
Number of updated asset objects reloaded before import = 4Number of asset objects unloaded after import = 5

========================================================================
Received Import Request.
  Time since last request: 20.313823 seconds.
  path: Assets/Systems/Base_Head_Water.vfx
  artifactKey: Guid(7a880d6a05a28344a81011669fb02ab9) Importer(815301076,1909f56bfc062723c751e8b465ee728b)
Start importing Assets/Systems/Base_Head_Water.vfx using Guid(7a880d6a05a28344a81011669fb02ab9) Importer(815301076,1909f56bfc062723c751e8b465ee728b) (PreviewImporter)[PhysX] Initialized MultithreadedTaskDispatcher with 8 workers.
 -> (artifact id: 'a8c4a42bb0a47d50c0e2e21dc860a291') in 0.0279995 seconds
Number of updated asset objects reloaded before import = 3Number of asset objects unloaded after import = 23

========================================================================
Received Import Request.
  Time since last request: 41.853681 seconds.
  path: Assets/Shaders/S_GoopyBall.shadergraph
  artifactKey: Guid(51ff9b951c5027d429325d7974cfebd5) Importer(815301076,1909f56bfc062723c751e8b465ee728b)
Start importing Assets/Shaders/S_GoopyBall.shadergraph using Guid(51ff9b951c5027d429325d7974cfebd5) Importer(815301076,1909f56bfc062723c751e8b465ee728b) (PreviewImporter)[PhysX] Initialized MultithreadedTaskDispatcher with 8 workers.
[PhysX] Initialized MultithreadedTaskDispatcher with 8 workers.
 -> (artifact id: '668a934949d4a3427793482a6bc8cbde') in 0.2356059 seconds
Number of updated asset objects reloaded before import = 0Number of asset objects unloaded after import = 6

========================================================================
Received Import Request.
  Time since last request: 54.323322 seconds.
  path: Assets/Shaders/S_GoopyBall.shadergraph
  artifactKey: Guid(51ff9b951c5027d429325d7974cfebd5) Importer(815301076,1909f56bfc062723c751e8b465ee728b)
Start importing Assets/Shaders/S_GoopyBall.shadergraph using Guid(51ff9b951c5027d429325d7974cfebd5) Importer(815301076,1909f56bfc062723c751e8b465ee728b) (PreviewImporter)[PhysX] Initialized MultithreadedTaskDispatcher with 8 workers.
[PhysX] Initialized MultithreadedTaskDispatcher with 8 workers.
 -> (artifact id: 'ac39e3a4da3c0471971e4ba7e638f1f7') in 0.0502705 seconds
Number of updated asset objects reloaded before import = 4Number of asset objects unloaded after import = 6

========================================================================
Received Import Request.
  Time since last request: 43.798237 seconds.
  path: Assets/Systems/Base_Head_Water.vfx
  artifactKey: Guid(7a880d6a05a28344a81011669fb02ab9) Importer(815301076,1909f56bfc062723c751e8b465ee728b)
Start importing Assets/Systems/Base_Head_Water.vfx using Guid(7a880d6a05a28344a81011669fb02ab9) Importer(815301076,1909f56bfc062723c751e8b465ee728b) (PreviewImporter)[PhysX] Initialized MultithreadedTaskDispatcher with 8 workers.
 -> (artifact id: 'f8754757c75e0a74a5aafa12466a482f') in 0.0312075 seconds
Number of updated asset objects reloaded before import = 4Number of asset objects unloaded after import = 23

========================================================================
Received Import Request.
  Time since last request: 33.527014 seconds.
  path: Assets/Systems/Base_Head_Water.vfx
  artifactKey: Guid(7a880d6a05a28344a81011669fb02ab9) Importer(815301076,1909f56bfc062723c751e8b465ee728b)
Start importing Assets/Systems/Base_Head_Water.vfx using Guid(7a880d6a05a28344a81011669fb02ab9) Importer(815301076,1909f56bfc062723c751e8b465ee728b) (PreviewImporter)[PhysX] Initialized MultithreadedTaskDispatcher with 8 workers.
 -> (artifact id: '8a7df300b9b3ddb55559583df0513b0e') in 0.0320489 seconds
Number of updated asset objects reloaded before import = 4Number of asset objects unloaded after import = 23

========================================================================
Received Import Request.
  Time since last request: 54.738753 seconds.
  path: Assets/Systems/Base_Head_Water.vfx
  artifactKey: Guid(7a880d6a05a28344a81011669fb02ab9) Importer(815301076,1909f56bfc062723c751e8b465ee728b)
Start importing Assets/Systems/Base_Head_Water.vfx using Guid(7a880d6a05a28344a81011669fb02ab9) Importer(815301076,1909f56bfc062723c751e8b465ee728b) (PreviewImporter)[PhysX] Initialized MultithreadedTaskDispatcher with 8 workers.
 -> (artifact id: '04db9211fdf101df254db5509a81e984') in 0.0347869 seconds
Number of updated asset objects reloaded before import = 3Number of asset objects unloaded after import = 23

========================================================================
Received Import Request.
  Time since last request: 3.181606 seconds.
  path: Assets/Systems/Base_Head_Water.vfx
  artifactKey: Guid(7a880d6a05a28344a81011669fb02ab9) Importer(815301076,1909f56bfc062723c751e8b465ee728b)
Start importing Assets/Systems/Base_Head_Water.vfx using Guid(7a880d6a05a28344a81011669fb02ab9) Importer(815301076,1909f56bfc062723c751e8b465ee728b) (PreviewImporter)[PhysX] Initialized MultithreadedTaskDispatcher with 8 workers.
 -> (artifact id: 'fff6c28c029e20bf0a63cbae808e0250') in 0.0347721 seconds
Number of updated asset objects reloaded before import = 3Number of asset objects unloaded after import = 23

========================================================================
Received Import Request.
  Time since last request: 28.706584 seconds.
  path: Assets/Systems/Base_Head_Water.vfx
  artifactKey: Guid(7a880d6a05a28344a81011669fb02ab9) Importer(815301076,1909f56bfc062723c751e8b465ee728b)
Start importing Assets/Systems/Base_Head_Water.vfx using Guid(7a880d6a05a28344a81011669fb02ab9) Importer(815301076,1909f56bfc062723c751e8b465ee728b) (PreviewImporter)[PhysX] Initialized MultithreadedTaskDispatcher with 8 workers.
 -> (artifact id: '551e48cd9ff47063df00c5eeaadc0a7e') in 0.0374205 seconds
Number of updated asset objects reloaded before import = 3Number of asset objects unloaded after import = 23

========================================================================
Received Import Request.
  Time since last request: 2.497088 seconds.
  path: Assets/Systems/Base_Head_Water.vfx
  artifactKey: Guid(7a880d6a05a28344a81011669fb02ab9) Importer(815301076,1909f56bfc062723c751e8b465ee728b)
Start importing Assets/Systems/Base_Head_Water.vfx using Guid(7a880d6a05a28344a81011669fb02ab9) Importer(815301076,1909f56bfc062723c751e8b465ee728b) (PreviewImporter)[PhysX] Initialized MultithreadedTaskDispatcher with 8 workers.
 -> (artifact id: '451703ea3cdffeff01c3faf5f6b5cd46') in 0.037533 seconds
Number of updated asset objects reloaded before import = 3Number of asset objects unloaded after import = 23

========================================================================
Received Import Request.
  Time since last request: 24.983255 seconds.
  path: Assets/Systems/Base_Head_Water.vfx
  artifactKey: Guid(7a880d6a05a28344a81011669fb02ab9) Importer(815301076,1909f56bfc062723c751e8b465ee728b)
Start importing Assets/Systems/Base_Head_Water.vfx using Guid(7a880d6a05a28344a81011669fb02ab9) Importer(815301076,1909f56bfc062723c751e8b465ee728b) (PreviewImporter)[PhysX] Initialized MultithreadedTaskDispatcher with 8 workers.
 -> (artifact id: '6fbc9bb40f5e49e70f397cde3e2683b9') in 0.0281585 seconds
Number of updated asset objects reloaded before import = 3Number of asset objects unloaded after import = 23

========================================================================
Received Import Request.
  Time since last request: 43.594039 seconds.
  path: Assets/Systems/Base_Head_Water.vfx
  artifactKey: Guid(7a880d6a05a28344a81011669fb02ab9) Importer(815301076,1909f56bfc062723c751e8b465ee728b)
Start importing Assets/Systems/Base_Head_Water.vfx using Guid(7a880d6a05a28344a81011669fb02ab9) Importer(815301076,1909f56bfc062723c751e8b465ee728b) (PreviewImporter)[PhysX] Initialized MultithreadedTaskDispatcher with 8 workers.
 -> (artifact id: '54502e29df8df5f498254d2361f97551') in 0.0234586 seconds
Number of updated asset objects reloaded before import = 3Number of asset objects unloaded after import = 23

========================================================================
Received Import Request.
  Time since last request: 7.875375 seconds.
  path: Assets/Systems/Base_Head_Water.vfx
  artifactKey: Guid(7a880d6a05a28344a81011669fb02ab9) Importer(815301076,1909f56bfc062723c751e8b465ee728b)
Start importing Assets/Systems/Base_Head_Water.vfx using Guid(7a880d6a05a28344a81011669fb02ab9) Importer(815301076,1909f56bfc062723c751e8b465ee728b) (PreviewImporter)[PhysX] Initialized MultithreadedTaskDispatcher with 8 workers.
 -> (artifact id: 'faf8ca5833f552392aea6392d7f8d8f2') in 0.0295188 seconds
Number of updated asset objects reloaded before import = 3Number of asset objects unloaded after import = 23

========================================================================
Received Import Request.
  Time since last request: 61.120254 seconds.
  path: Assets/Systems/Base_Head_Water.vfx
  artifactKey: Guid(7a880d6a05a28344a81011669fb02ab9) Importer(815301076,1909f56bfc062723c751e8b465ee728b)
Start importing Assets/Systems/Base_Head_Water.vfx using Guid(7a880d6a05a28344a81011669fb02ab9) Importer(815301076,1909f56bfc062723c751e8b465ee728b) (PreviewImporter)[PhysX] Initialized MultithreadedTaskDispatcher with 8 workers.
 -> (artifact id: 'b9e04b009ea6a8596fc1cbe83bc9d661') in 0.0321607 seconds
Number of updated asset objects reloaded before import = 3Number of asset objects unloaded after import = 23

========================================================================
Received Import Request.
  Time since last request: 1.222889 seconds.
  path: Assets/Systems/Base_Head_Water.vfx
  artifactKey: Guid(7a880d6a05a28344a81011669fb02ab9) Importer(815301076,1909f56bfc062723c751e8b465ee728b)
Start importing Assets/Systems/Base_Head_Water.vfx using Guid(7a880d6a05a28344a81011669fb02ab9) Importer(815301076,1909f56bfc062723c751e8b465ee728b) (PreviewImporter)[PhysX] Initialized MultithreadedTaskDispatcher with 8 workers.
 -> (artifact id: 'fc37981fd47d5ce4d4a3cd83c4a806ff') in 0.0335309 seconds
Number of updated asset objects reloaded before import = 3Number of asset objects unloaded after import = 23

========================================================================
Received Import Request.
  Time since last request: 24.101946 seconds.
  path: Assets/Systems/Base_Head_Water.vfx
  artifactKey: Guid(7a880d6a05a28344a81011669fb02ab9) Importer(815301076,1909f56bfc062723c751e8b465ee728b)
Start importing Assets/Systems/Base_Head_Water.vfx using Guid(7a880d6a05a28344a81011669fb02ab9) Importer(815301076,1909f56bfc062723c751e8b465ee728b) (PreviewImporter)[PhysX] Initialized MultithreadedTaskDispatcher with 8 workers.
 -> (artifact id: '3576b13f8cf3bf5da1175b934588c356') in 0.0363893 seconds
Number of updated asset objects reloaded before import = 3Number of asset objects unloaded after import = 23

========================================================================
Received Import Request.
  Time since last request: 10.937483 seconds.
  path: Assets/Systems/Base_Head_Water.vfx
  artifactKey: Guid(7a880d6a05a28344a81011669fb02ab9) Importer(815301076,1909f56bfc062723c751e8b465ee728b)
Start importing Assets/Systems/Base_Head_Water.vfx using Guid(7a880d6a05a28344a81011669fb02ab9) Importer(815301076,1909f56bfc062723c751e8b465ee728b) (PreviewImporter)[PhysX] Initialized MultithreadedTaskDispatcher with 8 workers.
 -> (artifact id: '8ec13d0fcfc7e9de3fe4e1591cbdd0a8') in 0.0356901 seconds
Number of updated asset objects reloaded before import = 3Number of asset objects unloaded after import = 23

========================================================================
Received Import Request.
  Time since last request: 107.515749 seconds.
  path: Assets/Systems/Base_Head_Water.vfx
  artifactKey: Guid(7a880d6a05a28344a81011669fb02ab9) Importer(815301076,1909f56bfc062723c751e8b465ee728b)
Start importing Assets/Systems/Base_Head_Water.vfx using Guid(7a880d6a05a28344a81011669fb02ab9) Importer(815301076,1909f56bfc062723c751e8b465ee728b) (PreviewImporter)[PhysX] Initialized MultithreadedTaskDispatcher with 8 workers.
 -> (artifact id: '5cadd6f9f163bdfc6589f7e392faf143') in 0.0401647 seconds
Number of updated asset objects reloaded before import = 3Number of asset objects unloaded after import = 23

